2026-06-01 10:57:57,218 [INFO] __main__: ============================================================
2026-06-01 10:57:57,218 [INFO] __main__: ML MODEL TRAINING - XAUT/USD
2026-06-01 10:57:57,219 [INFO] __main__: ============================================================
2026-06-01 10:57:57,219 [INFO] __main__: Downloading historical data...
2026-06-01 10:58:10,994 [INFO] __main__: Data downloaded: 500 candles
2026-06-01 10:58:10,995 [ERROR] __main__: Insufficient data: 500. Need >= 1000
2026-06-01 10:58:32,558 [INFO] __main__: ============================================================
2026-06-01 10:58:32,558 [INFO] __main__: ML MODEL TRAINING - XAUT/USD
2026-06-01 10:58:32,559 [INFO] __main__: ============================================================
2026-06-01 10:58:32,559 [INFO] __main__: Downloading historical data...
2026-06-01 10:58:45,897 [INFO] __main__: Data downloaded: 500 candles
2026-06-01 10:59:28,040 [INFO] __main__: ============================================================
2026-06-01 10:59:28,040 [INFO] __main__: ML MODEL TRAINING - XAUT/USD
2026-06-01 10:59:28,040 [INFO] __main__: ============================================================
2026-06-01 10:59:28,040 [INFO] __main__: Downloading historical data...
2026-06-01 10:59:41,333 [INFO] __main__: Data downloaded: 500 candles
2026-06-01 10:59:44,804 [INFO] trading_bot: XGBoost model built with 31 features
2026-06-01 10:59:44,905 [INFO] trading_bot: MLP Neural Network (16, 8 neurons) built successfully
2026-06-01 11:00:07,094 [INFO] __main__: ============================================================
2026-06-01 11:00:07,095 [INFO] __main__: ML MODEL TRAINING - XAUT/USD
2026-06-01 11:00:07,095 [INFO] __main__: ============================================================
2026-06-01 11:00:07,095 [INFO] __main__: Downloading historical data...
2026-06-01 11:00:20,398 [INFO] __main__: Data downloaded: 500 candles
2026-06-01 11:00:22,561 [INFO] trading_bot: XGBoost model built with 31 features
2026-06-01 11:00:22,569 [INFO] trading_bot: MLP Neural Network (16, 8 neurons) built successfully
2026-06-01 11:00:23,211 [INFO] trading_bot: Training MLP Neural Network...
2026-06-01 11:00:23,311 [INFO] trading_bot: MLP Neural Network training completed.
2026-06-01 11:00:23,329 [INFO] trading_bot: Model trained. Best iteration: N/A
2026-06-01 11:00:23,366 [INFO] trading_bot: XGBoost model saved to models\xgboost_xaut.json
2026-06-01 11:00:23,370 [INFO] trading_bot: MLP Neural Network model saved to models\mlp_xaut.pkl
2026-06-01 11:00:23,385 [INFO] __main__: Training accuracy: 59.19%
2026-06-01 11:00:23,385 [INFO] __main__: Validation accuracy: 58.06%
2026-06-01 11:00:23,385 [INFO] __main__: Training samples: 370
2026-06-01 11:00:23,385 [INFO] __main__: Validation samples: 93
2026-06-01 11:00:23,386 [INFO] __main__: Features: 31
2026-06-01 11:00:23,386 [INFO] __main__: 
Top 10 Features:
2026-06-01 11:00:23,386 [INFO] __main__:   f13: 0.0703
2026-06-01 11:00:23,386 [INFO] __main__:   f12: 0.0620
2026-06-01 11:00:23,386 [INFO] __main__:   f9: 0.0539
2026-06-01 11:00:23,387 [INFO] __main__:   f3: 0.0536
2026-06-01 11:00:23,387 [INFO] __main__:   f2: 0.0506
2026-06-01 11:00:23,387 [INFO] __main__:   f25: 0.0501
2026-06-01 11:00:23,387 [INFO] __main__:   f15: 0.0496
2026-06-01 11:00:23,387 [INFO] __main__:   f26: 0.0433
2026-06-01 11:00:23,387 [INFO] __main__:   f17: 0.0425
2026-06-01 11:00:23,388 [INFO] __main__:   f24: 0.0416
2026-06-01 11:00:23,388 [INFO] __main__: Training completed.
2026-06-01 11:02:31,151 [INFO] __main__: ============================================================
2026-06-01 11:02:31,152 [INFO] __main__: MULTI-STRATEGY BACKTEST - XAUT/USD 15m
2026-06-01 11:02:31,152 [INFO] __main__: ============================================================
2026-06-01 11:02:31,152 [INFO] __main__: Downloading data...
2026-06-01 11:02:37,241 [INFO] __main__: Data: 500 candles
2026-06-01 11:02:37,851 [INFO] __main__: 
Total trades: 30
2026-06-01 11:02:37,851 [INFO] __main__: Wins: 10 | Losses: 20
2026-06-01 11:02:37,851 [INFO] __main__: Win Rate: 33.3%
2026-06-01 11:02:37,851 [INFO] __main__: Total PnL: $-1106.98
2026-06-01 11:02:37,851 [INFO] __main__: Return: -1.11%
2026-06-01 11:02:37,851 [INFO] __main__: Max Drawdown: 5.66%
2026-06-01 11:02:37,851 [INFO] __main__: 
Strategy Breakdown:
2026-06-01 11:02:37,852 [INFO] __main__:   breakout_momentum: 17 trades, WR=29.4%, PnL=$-2097.37
2026-06-01 11:02:37,852 [INFO] __main__:   trend_following: 6 trades, WR=33.3%, PnL=$-101.78
2026-06-01 11:02:37,852 [INFO] __main__:   mean_reversion: 7 trades, WR=42.9%, PnL=$1092.17
